[{"stream_name":"stdout","time":5.646961577,"data":"torch 2.10.0+cpu cuda False -\n"}
,{"stream_name":"stdout","time":7.943170758,"data":"selftest DMD modal: |ω| bulunan=[np.float64(0.05), np.float64(0.3), np.float64(1.9), np.float64(2.3562)] gerçek=[np.float64(0.05), np.float64(0.3), np.float64(1.9), np.float64(2.3562)] modal tabanda tek adım hatası=5.1e-12 cond(P)=188.9 OK\n"}
,{"stream_name":"stdout","time":7.943211374,"data":"selftest harmonik: ana dal φ/π=[ 0.75 -0.5   0.25 -0.75] -\u003e kaldırılmış |ω|/π=[0.75 1.5  2.25 0.75] (gerçek [0.75 1.5  2.25 0.75]) OK\n"}
,{"stream_name":"stdout","time":7.943217785,"data":" \n"}
,{"stream_name":"stdout","time":18.0687702,"data":"selftest DMD ω=0.5π -\u003e 0.5000π OK\n"}
,{"stream_name":"stdout","time":18.068817354,"data":"selftest DMD ω=2.5π -\u003e 2.5000π OK\n"}
,{"stream_name":"stdout","time":18.068824322,"data":"selftest zincir kuralı KoopCT: ‖J·ż‖/‖∂x̂/∂t‖ = 1.0008 (1 beklenir)\n"}
,{"stream_name":"stdout","time":18.06882958,"data":"selftest zincir kuralı NODE: ‖J·ż‖/‖∂x̂/∂t‖ = 1.0000 (1 beklenir)\n"}
,{"stream_name":"stdout","time":18.068834261,"data":" \n"}
,{"stream_name":"stdout","time":2155.530819345,"data":"[ 2137s] --model koop --dmd lock --omega_mult 0.5 --seed 0 OK\n"}
,{"stream_name":"stdout","time":2371.869541844,"data":"[ 2354s] --model oracle --omega_mult 0.5 --seed 0 OK\n"}
,{"stream_name":"stdout","time":2406.286539693,"data":"[ 2388s] --model koop --omega_mult 0.5 --seed 0 OK\n"}
,{"stream_name":"stdout","time":4286.400800888,"data":"[ 4268s] --model koop --dmd lock --omega_mult 0.5 --seed 1 OK\n"}
,{"stream_name":"stdout","time":4523.218082726,"data":"[ 4505s] --model koop --dmd ft --omega_mult 0.5 --seed 0 OK\n"}
,{"stream_name":"stdout","time":4559.32258855,"data":"[ 4541s] --model koop --dmd ft --omega_mult 0.5 --seed 1 OK\n"}
,{"stream_name":"stdout","time":6525.502595611,"data":"[ 6507s] --model koop --dmd harm --omega_mult 0.5 --seed 0 OK\n"}
,{"stream_name":"stdout","time":6685.214311907,"data":"[ 6667s] --model koop --dmd harm --omega_mult 0.5 --seed 1 OK\n"}
,{"stream_name":"stdout","time":6906.525186527,"data":"[ 6888s] --model koop --omega_mult 0.75 --seed 0 OK\n"}
,{"stream_name":"stdout","time":8792.363032904,"data":"[ 8774s] --model koop --dmd lock --omega_mult 0.75 --seed 0 OK\n"}
,{"stream_name":"stdout","time":8891.961641242,"data":"[ 8874s] --model oracle --omega_mult 0.75 --seed 0 OK\n"}
,{"stream_name":"stdout","time":9088.033058173,"data":"[ 9070s] --model koop --dmd lock --omega_mult 0.75 --seed 1 OK\n"}
,{"stream_name":"stdout","time":10937.475817317,"data":"[10919s] --model koop --dmd ft --omega_mult 0.75 --seed 0 OK\n"}
,{"stream_name":"stdout","time":11207.43181179,"data":"[11189s] --model koop --dmd harm --omega_mult 0.75 --seed 0 OK\n"}
,{"stream_name":"stdout","time":11253.952196629,"data":"[11236s] --model koop --dmd ft --omega_mult 0.75 --seed 1 OK\n"}
,{"stream_name":"stdout","time":13403.429239229,"data":"[13385s] --model koop --dmd harm --omega_mult 0.75 --seed 1 OK\n"}
,{"stream_name":"stdout","time":13543.352259135,"data":"[13525s] --model oracle --omega_mult 0.763932 --seed 0 OK\n"}
,{"stream_name":"stdout","time":13615.479092125,"data":"[13597s] --model koop --omega_mult 0.763932 --seed 0 OK\n"}
,{"stream_name":"stdout","time":15520.06347749,"data":"[15502s] --model koop --dmd lock --omega_mult 0.763932 --seed 0 OK\n"}
,{"stream_name":"stdout","time":15673.286031614,"data":"[15655s] --model koop --dmd lock --omega_mult 0.763932 --seed 1 OK\n"}
,{"stream_name":"stdout","time":15988.120659819,"data":"[15970s] --model koop --dmd ft --omega_mult 0.763932 --seed 0 OK\n"}
,{"stream_name":"stdout","time":17886.55148622,"data":"[17868s] --model koop --dmd ft --omega_mult 0.763932 --seed 1 OK\n"}
,{"stream_name":"stdout","time":18070.501410743,"data":"[18052s] --model koop --dmd harm --omega_mult 0.763932 --seed 1 OK\n"}
,{"stream_name":"stdout","time":18120.30896909,"data":"[18102s] --model koop --dmd harm --omega_mult 0.763932 --seed 0 OK\n"}
,{"stream_name":"stdout","time":20234.534464311,"data":"[20216s] --model koop --omega_mult 2.763932 --seed 0 OK\n"}
,{"stream_name":"stdout","time":20403.414925382,"data":"[20385s] --model oracle --omega_mult 2.763932 --seed 0 OK\n"}
,{"stream_name":"stdout","time":20420.391387064,"data":"[20402s] --model koop --dmd lock --omega_mult 2.763932 --seed 0 OK\n"}
,{"stream_name":"stdout","time":22545.188005678,"data":"[22527s] --model koop --dmd ft --omega_mult 2.763932 --seed 0 OK\n"}
,{"stream_name":"stdout","time":22549.561529098,"data":"[22531s] --model koop --dmd ft --omega_mult 2.763932 --seed 1 OK\n"}
,{"stream_name":"stdout","time":22761.652900334,"data":"[22744s] --model koop --dmd lock --omega_mult 2.763932 --seed 1 OK\n"}
,{"stream_name":"stdout","time":24664.668740291,"data":"[24647s] --model koop --dmd harm --omega_mult 2.763932 --seed 0 OK\n"}
,{"stream_name":"stdout","time":24750.28829264,"data":"[24732s] --model koop --dmd harm --omega_mult 2.763932 --seed 1 OK\n"}
,{"stream_name":"stdout","time":25422.691047891,"data":"[25405s] --model koop --dmd none --seed 0 OK\n"}
,{"stream_name":"stdout","time":27235.681191361,"data":"[27218s] --model oracle --dmd none --seed 0 OK\n"}
,{"stream_name":"stdout","time":27287.011715662,"data":"[27269s] --model koop --dmd lock --seed 0 OK\n"}
,{"stream_name":"stdout","time":27529.18847011,"data":"[27511s] --model koop --dmd harm --seed 0 OK\n"}
,{"stream_name":"stdout","time":27529.406650838,"data":"## Sprite, düzenli örnekleme — hedef: Δ/2 MSE ~1e-4 (oracle), f_true → 1\n"}
,{"stream_name":"stdout","time":27529.406687201,"data":"konfig                                          ρ |   train   Δ/2 MSE (tohum) f_true f_alias |          DMD bulunan |ω|/π                  son |ω|/π   enc ı/o   ood\n"}
,{"stream_name":"stdout","time":27529.406694501,"data":"taban (küçük-init)                            1/4 |  0.0003            0.0182   0.03    0.03 |                          -        0.03,0.02,0.04,0.10 1.95/2.15  1.02\n"}
,{"stream_name":"stdout","time":27529.406700055,"data":"oracle (ω₀=gerçek)                            1/4 |  0.0001            0.0090   0.76    0.76 |                          -        0.50,0.00,0.00,0.00 0.02/1.05  4.77\n"}
,{"stream_name":"stdout","time":27529.406705889,"data":"DMD kilitli                                   1/4 |  0.0002     0.0264/0.0237   0.00    0.00 |        0.90,0.51,0.00,0.00        0.90,0.51,0.00,0.00 0.60/1.25  3.40\n"}
,{"stream_name":"stdout","time":27529.406711537,"data":"DMD + ince ayar                               1/4 |  0.0002     0.0223/0.0255   0.02    0.02 |        0.90,0.51,0.00,0.00        0.90,0.50,0.00,0.00 0.41/1.41  2.87\n"}
,{"stream_name":"stdout","time":27529.406717008,"data":"DMD + harmonik kaldırma                       1/4 |  0.0002     0.0278/0.0244   0.00    0.00 |        0.90,4.51,0.00,0.00        0.90,4.51,0.00,0.00 0.83/1.30  2.21\n"}
,{"stream_name":"stdout","time":27529.406722634,"data":"\n"}
,{"stream_name":"stdout","time":27529.406727091,"data":"taban (küçük-init)                            3/8 |  0.0004            0.0433   0.00    0.00 |                          -        0.07,0.03,0.06,0.08 2.50/2.67  0.94\n"}
,{"stream_name":"stdout","time":27529.406732231,"data":"oracle (ω₀=gerçek)                            3/8 |  0.0001            0.0001   1.00    1.00 |                          -        0.75,0.00,0.00,0.01 0.02/0.04  2.12\n"}
,{"stream_name":"stdout","time":27529.406737314,"data":"DMD kilitli                                   3/8 |  0.0001     0.0469/0.0447   0.00    0.00 |        0.50,0.77,0.27,0.40        0.50,0.77,0.27,0.40 0.26/1.92  3.49\n"}
,{"stream_name":"stdout","time":27529.406806511,"data":"DMD + ince ayar                               3/8 |  0.0001     0.0464/0.0446   0.00    0.00 |        0.50,0.77,0.27,0.40        0.50,0.77,0.26,0.40 0.25/1.92  3.57\n"}
,{"stream_name":"stdout","time":27529.406811513,"data":"DMD + harmonik kaldırma                       3/8 |  0.0001     0.0414/0.0523   0.00    0.00 |        0.50,0.75,0.25,0.38        0.50,0.75,0.25,0.38 0.18/1.88  2.98\n"}
,{"stream_name":"stdout","time":27529.406816192,"data":"\n"}
,{"stream_name":"stdout","time":27529.406821554,"data":"taban (küçük-init)                      0.382 irr |  0.0005            0.0434   0.00    0.00 |                          -        0.06,0.03,0.03,0.10 2.26/2.54  1.02\n"}
,{"stream_name":"stdout","time":27529.406825793,"data":"oracle (ω₀=gerçek)                      0.382 irr |  0.0001            0.0001   1.00    1.00 |                          -        0.76,0.00,0.00,0.01 0.01/0.02  1.18\n"}
,{"stream_name":"stdout","time":27529.406830249,"data":"DMD kilitli                             0.382 irr |  0.0001     0.0406/0.0485   0.00    0.00 |        0.47,0.76,0.29,0.75        0.47,0.76,0.29,0.75 0.27/1.95  2.74\n"}
,{"stream_name":"stdout","time":27529.406834563,"data":"DMD + ince ayar                         0.382 irr |  0.0001     0.0397/0.0485   0.00    0.00 |        0.47,0.76,0.29,0.75        0.47,0.76,0.29,0.75 0.26/1.95  3.88\n"}
,{"stream_name":"stdout","time":27529.406838709,"data":"DMD + harmonik kaldırma                 0.382 irr |  0.0002     0.0016/0.0001   0.59    0.59 |        4.00,1.60,2.40,4.80        4.00,1.60,2.40,4.80 0.04/0.04  1.36\n"}
,{"stream_name":"stdout","time":27529.406843182,"data":"\n"}
,{"stream_name":"stdout","time":27529.406846899,"data":"taban (küçük-init)       1.382 irr (Nyquist üstü) |  0.0004            0.0518   0.00    0.00 |                          -        0.06,0.03,0.03,0.10 2.28/2.55  1.01\n"}
,{"stream_name":"stdout","time":27529.406851328,"data":"oracle (ω₀=gerçek)       1.382 irr (Nyquist üstü) |  0.0001            0.0001   1.00    0.00 |                          -        2.76,0.00,0.00,0.01 0.02/0.02  1.35\n"}
,{"stream_name":"stdout","time":27529.406855603,"data":"DMD kilitli              1.382 irr (Nyquist üstü) |  0.0001     0.0548/0.0525   0.00    0.00 |        0.47,0.76,0.85,0.28        0.47,0.76,0.85,0.28 0.17/1.97  3.20\n"}
,{"stream_name":"stdout","time":27529.406859948,"data":"DMD + ince ayar          1.382 irr (Nyquist üstü) |  0.0001     0.0546/0.0525   0.00    0.00 |        0.47,0.76,0.85,0.28        0.47,0.76,0.85,0.29 0.14/1.96  3.27\n"}
,{"stream_name":"stdout","time":27529.406864172,"data":"DMD + harmonik kaldırma  1.382 irr (Nyquist üstü) |  0.0001     0.0321/0.0517   0.01    0.50 |        1.53,0.76,1.15,2.29        1.53,0.76,1.15,2.29 0.17/1.40  2.26\n"}
,{"stream_name":"stdout","time":27529.406868634,"data":"\n"}
,{"stream_name":"stdout","time":27529.406872117,"data":"## Piksel sarkaç (ω0=2.4, ρ≈0.382, durgun bırakma, genlik 0.3–1.2 rad), tek koşu\n"}
,{"stream_name":"stdout","time":27529.406876516,"data":"konfig                   |   train  Δ/2 MSE 3Δ/7 MSE Δ/2÷train f_true(8°) |                DMD |ω|                son |ω|\n"}
,{"stream_name":"stdout","time":27529.406880871,"data":"taban (küçük-init)       |  0.0000   0.0093   0.0144     549.1       0.17 |                      -    0.24,0.06,0.09,0.21\n"}
,{"stream_name":"stdout","time":27529.406885048,"data":"oracle (ω₀=2.4)          |  0.0000   0.0038   0.0055     385.5       0.70 |                      -    2.33,0.03,0.15,0.15\n"}
,{"stream_name":"stdout","time":27529.406890248,"data":"DMD kilitli              |  0.0023   0.0216   0.0292       9.3       0.17 |    2.75,2.23,1.48,0.00    2.75,2.23,1.48,0.00\n"}
,{"stream_name":"stdout","time":27529.406899479,"data":"DMD + harmonik           |  0.0016   0.0222   0.0578      13.5       0.16 |  2.77,16.62,11.08,0.00  2.77,16.62,11.08,0.00\n"}
,{"stream_name":"stdout","time":27529.406904057,"data":" \n"}
,{"stream_name":"stderr","time":27532.686258243,"data":"/usr/local/lib/python3.12/dist-packages/mistune.py:435: SyntaxWarning: invalid escape sequence '\\|'\n"}
,{"stream_name":"stderr","time":27532.686375515,"data":"  cells[i][c] = re.sub('\\\\\\\\\\|', '|', cell)\n"}
,{"stream_name":"stderr","time":27533.058000117,"data":"/usr/local/lib/python3.12/dist-packages/nbconvert/filters/filter_links.py:36: SyntaxWarning: invalid escape sequence '\\_'\n"}
,{"stream_name":"stderr","time":27533.05803821,"data":"  text = re.sub(r'_', '\\_', text) # Escape underscores in display text\n"}
,{"stream_name":"stderr","time":27533.896878606,"data":"[NbConvertApp] Converting notebook __script__.ipynb to html\n"}
,{"stream_name":"stderr","time":27535.591532544,"data":"[NbConvertApp] Writing 334842 bytes to __results__.html\n"}
]